
Discarded input sections

 .comment       0x0000000000000000       0x12 obj/main.o
 .note.GNU-stack
                0x0000000000000000        0x0 obj/main.o
 .note.gnu.property
                0x0000000000000000       0x30 obj/main.o

Memory Configuration

Name             Origin             Length             Attributes
*default*        0x0000000000000000 0xffffffffffffffff

Linker script and memory map

LOAD obj/main.o
LOAD /tmp/smolouttgxdooug.o
                0x0000000000010000                . = 0x10000
                0x0000000000010000                _smol_origin = .

.header         0x0000000000010000       0xe0
 *(.header)
 .header        0x0000000000010000       0xe0 /tmp/smolouttgxdooug.o
                0x0000000000010000                _EHDR
                0x0000000000010038                _PHDR
                0x0000000000010088                _INTERP

.dynamic        0x00000000000100e0      0x237
 *(.dynamic .rodata.dynamic .interp)
 .dynamic       0x00000000000100e0       0x70 /tmp/smolouttgxdooug.o
                0x00000000000100e0                _DYNAMIC
 *(.dynsym .dynstr)
 .dynsym        0x0000000000010150        0x5 /tmp/smolouttgxdooug.o
                0x0000000000010150                _dynsym
 .dynstr        0x0000000000010155      0x1b2 /tmp/smolouttgxdooug.o
                0x0000000000010155                _dynstr
 *(.rela.plt)
 .rela.plt      0x0000000000010307       0x10 /tmp/smolouttgxdooug.o
                0x0000000000010307                _rela_plt
                0x0000000000010317                _smol_data_start = .
                0x0000000000000317                _smol_data_off = (_smol_data_start - _smol_origin)

.data           0x0000000000010317       0x10
 *(.data.smolgot .data.got.plt)
 *(.data.got.plt.start)
 *(.data.got.plt)
 *(.data .data.* .tdata .tdata.*)
 .data          0x0000000000010317        0x0 obj/main.o
 .data.vshader_vert
                0x0000000000010317        0x8 obj/main.o
 .data.shader_frag
                0x000000000001031f        0x8 obj/main.o
                0x0000000000010327                _smol_data_end = .
                0x0000000000000010                _smol_data_size = (_smol_data_end - _smol_data_start)
                0x0000000000000327                _smol_dataandheader_size = (_smol_data_end - _smol_origin)
                0x00000000000003f7                _smol_dataandheaderandbss_size = (_smol_dataandheader_size + _smol_bss_size)
                0x0000000000010327                _smol_text_start = .
                0x0000000000000327                _smol_text_off = (_smol_text_start - _smol_origin)

.text           0x0000000000010327      0x2b6
 *(.rdata .rdata.* .rodata .rodata.*)
 .rodata.startup._start.str1.1
                0x0000000000010327       0x17 obj/main.o
 .rodata.str1.1
                0x000000000001033e       0xd9 obj/main.o
 *(.text.startup.smol)
 .text.startup.smol
                0x0000000000010417       0x4f /tmp/smolouttgxdooug.o
                0x000000000001041c                _smol_start
                0x0000000000010466                _smol_rt_end
 *(.text.startup._start)
 .text.startup._start
                0x0000000000010466      0x12c obj/main.o
                0x0000000000010466                _start
 *(.text .text.*)
 .text          0x0000000000010592        0x0 obj/main.o
 .text.on_render
                0x0000000000010592       0x37 obj/main.o
 .text.check_escape
                0x00000000000105c9       0x14 obj/main.o
                0x00000000000105dd                _smol_text_end = .
                0x00000000000002b6                _smol_text_size = (_smol_text_end - _smol_text_start)
                0x00000000000005dd                _smol_total_filesize = (. - _smol_origin)
                0x00000000000105dd                _smol_bss_start = .
                0x00000000000005dd                _smol_bss_off = (_smol_bss_start - _smol_origin)

.bss            0x00000000000105dd       0xd0
 *(.bss.got.plt)
 .bss.got.plt   0x00000000000105dd       0xb0 /tmp/smolouttgxdooug.o
                0x00000000000105dd                g_type_check_instance_cast
                0x00000000000105e5                g_signal_connect_data
                0x00000000000105ed                gtk_init
                0x00000000000105f5                gtk_window_new
                0x00000000000105fd                gtk_gl_area_new
                0x0000000000010605                gtk_container_get_type
                0x000000000001060d                gtk_container_add
                0x0000000000010615                gtk_widget_show_all
                0x000000000001061d                gtk_window_fullscreen
                0x0000000000010625                gtk_gl_area_make_current
                0x000000000001062d                gtk_main
                0x0000000000010635                glUseProgram
                0x000000000001063d                glBindVertexArray
                0x0000000000010645                glVertexAttrib1f
                0x000000000001064d                glDrawArrays
                0x0000000000010655                glCreateProgram
                0x000000000001065d                glCreateShader
                0x0000000000010665                glShaderSource
                0x000000000001066d                glCompileShader
                0x0000000000010675                glAttachShader
                0x000000000001067d                glLinkProgram
                0x0000000000010685                glGenVertexArrays
                0x000000000001068d                _smolplt
 *(.bss .bss.* .tbss .tbss.* .sbss .sbss.*)
 .bss           0x000000000001068d        0x0 obj/main.o
 .bss.p         0x000000000001068d        0x4 obj/main.o
 .bss.vao       0x0000000000010691        0x4 obj/main.o
 .bss.got.plt.start
                0x0000000000010695       0x18 /tmp/smolouttgxdooug.o
                0x0000000000010695                _GLOBAL_OFFSET_TABLE_
                0x00000000000106ad                _smol_bss_end = .
                0x00000000000000d0                _smol_bss_size = (_smol_bss_end - _smol_bss_start)
                0x00000000000006ad                _smol_total_memsize = (. - _smol_origin)

.stab
 *(.stab)

.stabstr
 *(.stabstr)

.stab.excl
 *(.stab.excl)

.stab.exclstr
 *(.stab.exclstr)

.stab.index
 *(.stab.index)

.stab.indexstr
 *(.stab.indexstr)

.debug
 *(.debug)

.line
 *(.line)

.debug_srcinfo
 *(.debug_srcinfo)

.debug_sfnames
 *(.debug_sfnames)

.debug_aranges
 *(.debug_aranges)

.debug_pubnames
 *(.debug_pubnames)

.debug_info
 *(.debug_info .gnu.linkonce.wi.*)

.debug_abbrev
 *(.debug_abbrev)

.debug_line
 *(.debug_line .debug_line.* .debug_line_end)

.debug_frame
 *(.debug_frame)

.debug_str
 *(.debug_str)

.debug_loc
 *(.debug_loc)

.debug_macinfo
 *(.debug_macinfo)

.debug_weaknames
 *(.debug_weaknames)

.debug_funcnames
 *(.debug_funcnames)

.debug_typenames
 *(.debug_typenames)

.debug_varnames
 *(.debug_varnames)

.debug_pubtypes
 *(.debug_pubtypes)

.debug_ranges
 *(.debug_ranges)

.debug_macro
 *(.debug_macro)

.debug_addr
 *(.debug_addr)

/DISCARD/
 *(.*)
OUTPUT(bin/main.smol binary)
