
Discarded input sections

 .note.gnu.property
                0x0000000000000000       0x30 /tmp/smolinx9rtn_is.o
 .comment       0x0000000000000000       0x13 /tmp/smolinx9rtn_is.o
 .note.GNU-stack
                0x0000000000000000        0x0 /tmp/smolinx9rtn_is.o

Memory Configuration

Name             Origin             Length             Attributes
*default*        0x0000000000000000 0xffffffffffffffff

Linker script and memory map

LOAD /tmp/smolinx9rtn_is.o
LOAD /tmp/smoloutg9qypnnj.o
                0x0000000000010000                . = 0x10000
                0x0000000000010000                _smol_origin = .

.header         0x0000000000010000       0xe0
 *(.header)
 .header        0x0000000000010000       0xe0 /tmp/smoloutg9qypnnj.o
                0x0000000000010000                _EHDR
                0x0000000000010038                _PHDR
                0x0000000000010088                _INTERP

.dynamic        0x00000000000100e0      0x237
 *(.dynamic .rodata.dynamic .interp)
 .dynamic       0x00000000000100e0       0x70 /tmp/smoloutg9qypnnj.o
                0x00000000000100e0                _DYNAMIC
 *(.dynsym .dynstr)
 .dynsym        0x0000000000010150        0x5 /tmp/smoloutg9qypnnj.o
                0x0000000000010150                _dynsym
 .dynstr        0x0000000000010155      0x1b2 /tmp/smoloutg9qypnnj.o
                0x0000000000010155                _dynstr
 *(.rela.plt)
 .rela.plt      0x0000000000010307       0x10 /tmp/smoloutg9qypnnj.o
                0x0000000000010307                _rela_plt
                0x0000000000010317                _smol_text_start = .
                0x0000000000001670                _smol_text_off = (_smol_data_end - _smol_origin)

.text           0x0000000000010317     0x1344
 *(.text.startup.smol)
 .text.startup.smol
                0x0000000000010317       0x4d /tmp/smoloutg9qypnnj.o
                0x000000000001031c                _smol_start
                0x0000000000010364                _smol_rt_end
 *(.text.startup._start)
 .text.startup._start
                0x0000000000010364      0x12d /tmp/smolinx9rtn_is.o
                0x0000000000010364                _start
 *(.text .text.*)
 .text          0x0000000000010491       0x4b /tmp/smolinx9rtn_is.o
 *(.rdata .rdata.* .rodata .rodata.*)
 .rodata.str1.1
                0x00000000000104dc     0x117f /tmp/smolinx9rtn_is.o
                0x000000000001165b                _smol_text_end = .
                0x0000000000001344                _smol_text_size = (_smol_text_end - _smol_text_start)
                0x000000000000165b                _smol_textandheader_size = (_smol_text_end - _smol_origin)
                0x000000000001165b                _smol_data_start = .
                0x000000000000165b                _smol_data_off = (_smol_data_start - _smol_origin)

.data           0x0000000000011660       0x10
 *(.data.smolgot .data.got.plt)
 *(.data.got.plt.start)
 *(.data.got.plt)
 *(.data .data.* .tdata .tdata.*)
 .data          0x0000000000011660       0x10 /tmp/smolinx9rtn_is.o
                0x0000000000011660                shader_frag
                0x0000000000011668                vshader_vert
                0x0000000000011670                _smol_data_end = .
                0x0000000000000015                _smol_data_size = (_smol_data_end - _smol_data_start)
                0x0000000000001670                _smol_total_filesize = (. - _smol_origin)
                0x0000000000011670                _smol_bss_start = .
                0x0000000000001670                _smol_bss_off = (_smol_bss_start - _smol_origin)

.bss            0x0000000000011670       0xd0
 *(.bss.got.plt)
 .bss.got.plt   0x0000000000011670       0xb0 /tmp/smoloutg9qypnnj.o
                0x0000000000011670                g_signal_connect_data
                0x0000000000011678                g_type_check_instance_cast
                0x0000000000011680                gtk_gl_area_make_current
                0x0000000000011688                gtk_widget_show_all
                0x0000000000011690                gtk_container_add
                0x0000000000011698                gtk_window_fullscreen
                0x00000000000116a0                gtk_window_new
                0x00000000000116a8                gtk_init
                0x00000000000116b0                gtk_main
                0x00000000000116b8                gtk_gl_area_new
                0x00000000000116c0                gtk_container_get_type
                0x00000000000116c8                glVertexAttrib1f
                0x00000000000116d0                glBindVertexArray
                0x00000000000116d8                glCompileShader
                0x00000000000116e0                glUseProgram
                0x00000000000116e8                glShaderSource
                0x00000000000116f0                glDrawArrays
                0x00000000000116f8                glAttachShader
                0x0000000000011700                glLinkProgram
                0x0000000000011708                glCreateShader
                0x0000000000011710                glCreateProgram
                0x0000000000011718                glGenVertexArrays
                0x0000000000011720                _smolplt
 *(.bss .bss.* .tbss .tbss.* .sbss .sbss.*)
 .bss           0x0000000000011720        0x8 /tmp/smolinx9rtn_is.o
                0x0000000000011720                vao
                0x0000000000011724                p
 .bss.got.plt.start
                0x0000000000011728       0x18 /tmp/smoloutg9qypnnj.o
                0x0000000000011728                _GLOBAL_OFFSET_TABLE_
                0x0000000000011740                _smol_bss_end = .
                0x00000000000000d0                _smol_bss_size = (_smol_bss_end - _smol_bss_start)
                0x00000000000000e5                _smol_dataandbss_size = (_smol_bss_end - _smol_data_start)
                0x0000000000001740                _smol_total_memsize = (_smol_bss_end - _smol_origin)

.stab
 *(.stab)

.stabstr
 *(.stabstr)

.stab.excl
 *(.stab.excl)

.stab.exclstr
 *(.stab.exclstr)

.stab.index
 *(.stab.index)

.stab.indexstr
 *(.stab.indexstr)

.debug
 *(.debug)

.line
 *(.line)

.debug_srcinfo
 *(.debug_srcinfo)

.debug_sfnames
 *(.debug_sfnames)

.debug_aranges
 *(.debug_aranges)

.debug_pubnames
 *(.debug_pubnames)

.debug_info
 *(.debug_info .gnu.linkonce.wi.*)

.debug_abbrev
 *(.debug_abbrev)

.debug_line
 *(.debug_line .debug_line.* .debug_line_end)

.debug_frame
 *(.debug_frame)

.debug_str
 *(.debug_str)

.debug_loc
 *(.debug_loc)

.debug_macinfo
 *(.debug_macinfo)

.debug_weaknames
 *(.debug_weaknames)

.debug_funcnames
 *(.debug_funcnames)

.debug_typenames
 *(.debug_typenames)

.debug_varnames
 *(.debug_varnames)

.debug_pubtypes
 *(.debug_pubtypes)

.debug_ranges
 *(.debug_ranges)

.debug_macro
 *(.debug_macro)

.debug_addr
 *(.debug_addr)

/DISCARD/
 *(.*)
OUTPUT(bin/main.smol binary)
